------------------------------------------------------------
TimeQuest Timing Analyzer Summary
------------------------------------------------------------

Type  : Slow 1200mV 85C Model Setup 'clk'
Slack : -7.436
TNS   : -28.510

Type  : Slow 1200mV 85C Model Setup 'ram_load'
Slack : -5.648
TNS   : -167.173

Type  : Slow 1200mV 85C Model Hold 'ram_load'
Slack : -0.491
TNS   : -3.046

Type  : Slow 1200mV 85C Model Hold 'clk'
Slack : 1.484
TNS   : 0.000

Type  : Slow 1200mV 85C Model Minimum Pulse Width 'clk'
Slack : -3.000
TNS   : -10.000

Type  : Slow 1200mV 85C Model Minimum Pulse Width 'ram_load'
Slack : -3.000
TNS   : -3.000

Type  : Slow 1200mV 0C Model Setup 'clk'
Slack : -6.630
TNS   : -25.399

Type  : Slow 1200mV 0C Model Setup 'ram_load'
Slack : -4.951
TNS   : -146.839

Type  : Slow 1200mV 0C Model Hold 'ram_load'
Slack : -0.369
TNS   : -2.079

Type  : Slow 1200mV 0C Model Hold 'clk'
Slack : 1.334
TNS   : 0.000

Type  : Slow 1200mV 0C Model Minimum Pulse Width 'clk'
Slack : -3.000
TNS   : -10.000

Type  : Slow 1200mV 0C Model Minimum Pulse Width 'ram_load'
Slack : -3.000
TNS   : -3.000

Type  : Fast 1200mV 0C Model Setup 'clk'
Slack : -4.293
TNS   : -16.617

Type  : Fast 1200mV 0C Model Setup 'ram_load'
Slack : -2.806
TNS   : -81.430

Type  : Fast 1200mV 0C Model Hold 'ram_load'
Slack : -0.494
TNS   : -6.077

Type  : Fast 1200mV 0C Model Hold 'clk'
Slack : 0.786
TNS   : 0.000

Type  : Fast 1200mV 0C Model Minimum Pulse Width 'clk'
Slack : -3.000
TNS   : -10.181

Type  : Fast 1200mV 0C Model Minimum Pulse Width 'ram_load'
Slack : -3.000
TNS   : -3.000

------------------------------------------------------------
